::1 - - [26/Mar/2024:07:55:22 +0000] "POST /add-to-cart HTTP/1.1" 200 28 "http://localhost:9100/productos/complementos" "Mozilla/5.0 (X11; Linux x86_64) AppleWebKit/537.36 (KHTML, like Gecko) Chrome/120.0.0.0 Safari/537.36"
::1 - - [26/Mar/2024:07:55:24 +0000] "GET /carrito HTTP/1.1" 200 11953 "http://localhost:9100/productos/complementos" "Mozilla/5.0 (X11; Linux x86_64) AppleWebKit/537.36 (KHTML, like Gecko) Chrome/120.0.0.0 Safari/537.36"
[2024-03-26T08:58:15.719] [DEBUG] access - http://localhost:9100
[2024-03-26T08:58:47.528] [DEBUG] access - http://localhost:9100
[2024-03-26T08:59:02.330] [DEBUG] access - http://localhost:9100
::1 - - [26/Mar/2024:07:59:24 +0000] "GET /carrito HTTP/1.1" 200 10994 "http://localhost:9100/productos/complementos" "Mozilla/5.0 (X11; Linux x86_64) AppleWebKit/537.36 (KHTML, like Gecko) Chrome/120.0.0.0 Safari/537.36"
::ffff:127.0.0.1 - - [26/Mar/2024:07:59:27 +0000] "GET /api/v2/productos/getAllProduct HTTP/1.1" 200 8510 "-" "node"
::1 - - [26/Mar/2024:07:59:27 +0000] "GET /productos/complementos HTTP/1.1" 304 - "http://localhost:9100/carrito" "Mozilla/5.0 (X11; Linux x86_64) AppleWebKit/537.36 (KHTML, like Gecko) Chrome/120.0.0.0 Safari/537.36"
::1 - - [26/Mar/2024:07:59:30 +0000] "POST /add-to-cart HTTP/1.1" 200 28 "http://localhost:9100/productos/complementos" "Mozilla/5.0 (X11; Linux x86_64) AppleWebKit/537.36 (KHTML, like Gecko) Chrome/120.0.0.0 Safari/537.36"
::1 - - [26/Mar/2024:07:59:33 +0000] "GET /carrito HTTP/1.1" 200 11936 "http://localhost:9100/productos/complementos" "Mozilla/5.0 (X11; Linux x86_64) AppleWebKit/537.36 (KHTML, like Gecko) Chrome/120.0.0.0 Safari/537.36"
::1 - - [26/Mar/2024:08:00:51 +0000] "GET /carrito HTTP/1.1" 200 11937 "http://localhost:9100/productos/complementos" "Mozilla/5.0 (X11; Linux x86_64) AppleWebKit/537.36 (KHTML, like Gecko) Chrome/120.0.0.0 Safari/537.36"
::1 - - [26/Mar/2024:08:00:53 +0000] "GET /carrito HTTP/1.1" 304 - "http://localhost:9100/productos/complementos" "Mozilla/5.0 (X11; Linux x86_64) AppleWebKit/537.36 (KHTML, like Gecko) Chrome/120.0.0.0 Safari/537.36"
::1 - - [26/Mar/2024:08:00:55 +0000] "GET /about-us HTTP/1.1" 304 - "http://localhost:9100/carrito" "Mozilla/5.0 (X11; Linux x86_64) AppleWebKit/537.36 (KHTML, like Gecko) Chrome/120.0.0.0 Safari/537.36"
::ffff:127.0.0.1 - - [26/Mar/2024:08:00:58 +0000] "GET /api/v2/productos/getAllProduct HTTP/1.1" 200 8510 "-" "node"
::1 - - [26/Mar/2024:08:00:58 +0000] "GET /productos/complementos HTTP/1.1" 304 - "http://localhost:9100/about-us" "Mozilla/5.0 (X11; Linux x86_64) AppleWebKit/537.36 (KHTML, like Gecko) Chrome/120.0.0.0 Safari/537.36"
::1 - - [26/Mar/2024:08:01:00 +0000] "POST /add-to-cart HTTP/1.1" 200 28 "http://localhost:9100/productos/complementos" "Mozilla/5.0 (X11; Linux x86_64) AppleWebKit/537.36 (KHTML, like Gecko) Chrome/120.0.0.0 Safari/537.36"
::1 - - [26/Mar/2024:08:01:03 +0000] "GET /carrito HTTP/1.1" 200 12744 "http://localhost:9100/productos/complementos" "Mozilla/5.0 (X11; Linux x86_64) AppleWebKit/537.36 (KHTML, like Gecko) Chrome/120.0.0.0 Safari/537.36"
::1 - - [26/Mar/2024:08:01:06 +0000] "POST /eliminar-producto HTTP/1.1" 200 2 "http://localhost:9100/carrito" "Mozilla/5.0 (X11; Linux x86_64) AppleWebKit/537.36 (KHTML, like Gecko) Chrome/120.0.0.0 Safari/537.36"
::1 - - [26/Mar/2024:08:01:07 +0000] "GET /carrito HTTP/1.1" 200 11937 "http://localhost:9100/carrito" "Mozilla/5.0 (X11; Linux x86_64) AppleWebKit/537.36 (KHTML, like Gecko) Chrome/120.0.0.0 Safari/537.36"
::1 - - [26/Mar/2024:08:01:07 +0000] "POST /eliminar-producto HTTP/1.1" 200 2 "http://localhost:9100/carrito" "Mozilla/5.0 (X11; Linux x86_64) AppleWebKit/537.36 (KHTML, like Gecko) Chrome/120.0.0.0 Safari/537.36"
::1 - - [26/Mar/2024:08:01:09 +0000] "GET /carrito HTTP/1.1" 200 10994 "http://localhost:9100/carrito" "Mozilla/5.0 (X11; Linux x86_64) AppleWebKit/537.36 (KHTML, like Gecko) Chrome/120.0.0.0 Safari/537.36"
[2024-03-26T09:06:07.146] [DEBUG] access - http://localhost:9100
[2024-03-26T09:06:16.294] [DEBUG] access - http://localhost:9100
::1 - - [26/Mar/2024:08:06:38 +0000] "GET / HTTP/1.1" 304 - "http://localhost:9100/carrito" "Mozilla/5.0 (X11; Linux x86_64) AppleWebKit/537.36 (KHTML, like Gecko) Chrome/120.0.0.0 Safari/537.36"
::ffff:127.0.0.1 - - [26/Mar/2024:08:06:39 +0000] "GET /api/v2/productos/getAllProduct HTTP/1.1" 200 8510 "-" "node"
::1 - - [26/Mar/2024:08:06:39 +0000] "GET /productos/complementos HTTP/1.1" 200 22094 "http://localhost:9100/" "Mozilla/5.0 (X11; Linux x86_64) AppleWebKit/537.36 (KHTML, like Gecko) Chrome/120.0.0.0 Safari/537.36"
::1 - - [26/Mar/2024:08:06:44 +0000] "POST /add-to-cart HTTP/1.1" 200 28 "http://localhost:9100/productos/complementos" "Mozilla/5.0 (X11; Linux x86_64) AppleWebKit/537.36 (KHTML, like Gecko) Chrome/120.0.0.0 Safari/537.36"
::1 - - [26/Mar/2024:08:06:46 +0000] "GET /carrito HTTP/1.1" 200 12076 "http://localhost:9100/productos/complementos" "Mozilla/5.0 (X11; Linux x86_64) AppleWebKit/537.36 (KHTML, like Gecko) Chrome/120.0.0.0 Safari/537.36"
[2024-03-26T09:08:26.033] [DEBUG] access - http://localhost:9100
::1 - - [26/Mar/2024:08:10:59 +0000] "GET /carrito HTTP/1.1" 200 10994 "http://localhost:9100/carrito" "Mozilla/5.0 (X11; Linux x86_64) AppleWebKit/537.36 (KHTML, like Gecko) Chrome/120.0.0.0 Safari/537.36"
::ffff:127.0.0.1 - - [26/Mar/2024:08:11:02 +0000] "GET /api/v2/productos/getAllProduct HTTP/1.1" 200 8510 "-" "node"
::1 - - [26/Mar/2024:08:11:02 +0000] "GET /productos/complementos HTTP/1.1" 304 - "http://localhost:9100/carrito" "Mozilla/5.0 (X11; Linux x86_64) AppleWebKit/537.36 (KHTML, like Gecko) Chrome/120.0.0.0 Safari/537.36"
::1 - - [26/Mar/2024:08:11:04 +0000] "POST /add-to-cart HTTP/1.1" 200 28 "http://localhost:9100/productos/complementos" "Mozilla/5.0 (X11; Linux x86_64) AppleWebKit/537.36 (KHTML, like Gecko) Chrome/120.0.0.0 Safari/537.36"
::1 - - [26/Mar/2024:08:11:06 +0000] "GET /carrito HTTP/1.1" 200 12074 "http://localhost:9100/productos/complementos" "Mozilla/5.0 (X11; Linux x86_64) AppleWebKit/537.36 (KHTML, like Gecko) Chrome/120.0.0.0 Safari/537.36"
[2024-03-26T09:12:28.542] [DEBUG] access - http://localhost:9100
::1 - - [26/Mar/2024:08:12:33 +0000] "GET / HTTP/1.1" 304 - "http://localhost:9100/carrito" "Mozilla/5.0 (X11; Linux x86_64) AppleWebKit/537.36 (KHTML, like Gecko) Chrome/120.0.0.0 Safari/537.36"
::ffff:127.0.0.1 - - [26/Mar/2024:08:12:36 +0000] "GET /api/v2/productos/getAllProduct HTTP/1.1" 200 8510 "-" "node"
::1 - - [26/Mar/2024:08:12:36 +0000] "GET /productos/complementos HTTP/1.1" 200 22338 "http://localhost:9100/" "Mozilla/5.0 (X11; Linux x86_64) AppleWebKit/537.36 (KHTML, like Gecko) Chrome/120.0.0.0 Safari/537.36"
::ffff:127.0.0.1 - - [26/Mar/2024:08:12:40 +0000] "GET /api/v2/productos/getAllProduct HTTP/1.1" 200 8510 "-" "node"
::1 - - [26/Mar/2024:08:12:40 +0000] "GET /productos/complementos HTTP/1.1" 304 - "http://localhost:9100/" "Mozilla/5.0 (X11; Linux x86_64) AppleWebKit/537.36 (KHTML, like Gecko) Chrome/120.0.0.0 Safari/537.36"
::1 - - [26/Mar/2024:08:12:48 +0000] "POST /add-to-cart HTTP/1.1" 200 28 "http://localhost:9100/productos/complementos" "Mozilla/5.0 (X11; Linux x86_64) AppleWebKit/537.36 (KHTML, like Gecko) Chrome/120.0.0.0 Safari/537.36"
::1 - - [26/Mar/2024:08:12:56 +0000] "GET /carrito HTTP/1.1" 200 12076 "http://localhost:9100/productos/complementos" "Mozilla/5.0 (X11; Linux x86_64) AppleWebKit/537.36 (KHTML, like Gecko) Chrome/120.0.0.0 Safari/537.36"
::ffff:127.0.0.1 - - [26/Mar/2024:08:13:02 +0000] "GET /api/v2/productos/getAllProduct HTTP/1.1" 200 8510 "-" "node"
::1 - - [26/Mar/2024:08:13:02 +0000] "GET /productos/complementos HTTP/1.1" 304 - "http://localhost:9100/carrito" "Mozilla/5.0 (X11; Linux x86_64) AppleWebKit/537.36 (KHTML, like Gecko) Chrome/120.0.0.0 Safari/537.36"
::1 - - [26/Mar/2024:08:14:30 +0000] "POST /add-to-cart HTTP/1.1" 200 28 "http://localhost:9100/productos/complementos" "Mozilla/5.0 (X11; Linux x86_64) AppleWebKit/537.36 (KHTML, like Gecko) Chrome/120.0.0.0 Safari/537.36"
::ffff:127.0.0.1 - - [26/Mar/2024:08:16:33 +0000] "GET /api/v2/productos/getAllProduct HTTP/1.1" 200 8510 "-" "node"
::1 - - [26/Mar/2024:08:16:33 +0000] "GET /productos/complementos HTTP/1.1" 200 22350 "http://localhost:9100/carrito" "Mozilla/5.0 (X11; Linux x86_64) AppleWebKit/537.36 (KHTML, like Gecko) Chrome/120.0.0.0 Safari/537.36"
::ffff:127.0.0.1 - - [26/Mar/2024:08:20:41 +0000] "GET /api/v2/productos/getAllProduct HTTP/1.1" 200 8510 "-" "node"
::1 - - [26/Mar/2024:08:20:41 +0000] "GET /productos/complementos HTTP/1.1" 200 22350 "http://localhost:9100/carrito" "Mozilla/5.0 (X11; Linux x86_64) AppleWebKit/537.36 (KHTML, like Gecko) Chrome/120.0.0.0 Safari/537.36"
::ffff:127.0.0.1 - - [26/Mar/2024:08:21:17 +0000] "GET /api/v2/productos/getAllProduct HTTP/1.1" 200 8510 "-" "node"
::1 - - [26/Mar/2024:08:21:17 +0000] "GET /productos/complementos HTTP/1.1" 304 - "http://localhost:9100/carrito" "Mozilla/5.0 (X11; Linux x86_64) AppleWebKit/537.36 (KHTML, like Gecko) Chrome/120.0.0.0 Safari/537.36"
[2024-03-26T09:21:26.044] [DEBUG] access - http://localhost:9100
::ffff:127.0.0.1 - - [26/Mar/2024:08:21:27 +0000] "GET /api/v2/productos/getAllProduct HTTP/1.1" 200 8510 "-" "node"
::1 - - [26/Mar/2024:08:21:27 +0000] "GET /productos/complementos HTTP/1.1" 304 - "http://localhost:9100/carrito" "Mozilla/5.0 (X11; Linux x86_64) AppleWebKit/537.36 (KHTML, like Gecko) Chrome/120.0.0.0 Safari/537.36"
::1 - - [26/Mar/2024:08:21:30 +0000] "POST /add-to-cart HTTP/1.1" 200 28 "http://localhost:9100/productos/complementos" "Mozilla/5.0 (X11; Linux x86_64) AppleWebKit/537.36 (KHTML, like Gecko) Chrome/120.0.0.0 Safari/537.36"
::ffff:127.0.0.1 - - [26/Mar/2024:08:23:41 +0000] "GET /api/v2/productos/getAllProduct HTTP/1.1" 200 8510 "-" "node"
::1 - - [26/Mar/2024:08:23:41 +0000] "GET /productos/complementos HTTP/1.1" 200 22384 "http://localhost:9100/carrito" "Mozilla/5.0 (X11; Linux x86_64) AppleWebKit/537.36 (KHTML, like Gecko) Chrome/120.0.0.0 Safari/537.36"
::1 - - [26/Mar/2024:08:23:55 +0000] "POST /add-to-cart HTTP/1.1" 200 28 "http://localhost:9100/productos/complementos" "Mozilla/5.0 (X11; Linux x86_64) AppleWebKit/537.36 (KHTML, like Gecko) Chrome/120.0.0.0 Safari/537.36"
::1 - - [26/Mar/2024:08:24:12 +0000] "GET /carrito HTTP/1.1" 200 12075 "http://localhost:9100/productos/complementos" "Mozilla/5.0 (X11; Linux x86_64) AppleWebKit/537.36 (KHTML, like Gecko) Chrome/120.0.0.0 Safari/537.36"
::1 - - [26/Mar/2024:08:24:24 +0000] "POST /eliminar-producto HTTP/1.1" 200 2 "http://localhost:9100/carrito" "Mozilla/5.0 (X11; Linux x86_64) AppleWebKit/537.36 (KHTML, like Gecko) Chrome/120.0.0.0 Safari/537.36"
::1 - - [26/Mar/2024:08:24:25 +0000] "GET /carrito HTTP/1.1" 200 10994 "http://localhost:9100/carrito" "Mozilla/5.0 (X11; Linux x86_64) AppleWebKit/537.36 (KHTML, like Gecko) Chrome/120.0.0.0 Safari/537.36"
::ffff:127.0.0.1 - - [26/Mar/2024:08:24:58 +0000] "GET /api/v2/productos/getAllProduct HTTP/1.1" 200 8510 "-" "node"
::1 - - [26/Mar/2024:08:24:58 +0000] "GET /productos/pizzas HTTP/1.1" 304 - "http://localhost:9100/carrito" "Mozilla/5.0 (X11; Linux x86_64) AppleWebKit/537.36 (KHTML, like Gecko) Chrome/120.0.0.0 Safari/537.36"
::1 - - [26/Mar/2024:08:25:00 +0000] "POST /add-to-cart HTTP/1.1" 200 28 "http://localhost:9100/productos/pizzas" "Mozilla/5.0 (X11; Linux x86_64) AppleWebKit/537.36 (KHTML, like Gecko) Chrome/120.0.0.0 Safari/537.36"
::1 - - [26/Mar/2024:08:25:02 +0000] "GET /carrito HTTP/1.1" 200 12075 "http://localhost:9100/productos/pizzas" "Mozilla/5.0 (X11; Linux x86_64) AppleWebKit/537.36 (KHTML, like Gecko) Chrome/120.0.0.0 Safari/537.36"
::1 - - [26/Mar/2024:08:28:58 +0000] "GET /carrito HTTP/1.1" 304 - "http://localhost:9100/carrito" "Mozilla/5.0 (X11; Linux x86_64) AppleWebKit/537.36 (KHTML, like Gecko) Chrome/120.0.0.0 Safari/537.36"
::ffff:127.0.0.1 - - [26/Mar/2024:08:29:02 +0000] "GET /api/v2/productos/getAllProduct HTTP/1.1" 200 8510 "-" "node"
::1 - - [26/Mar/2024:08:29:02 +0000] "GET /productos/pizzas HTTP/1.1" 200 21951 "http://localhost:9100/carrito" "Mozilla/5.0 (X11; Linux x86_64) AppleWebKit/537.36 (KHTML, like Gecko) Chrome/120.0.0.0 Safari/537.36"
::1 - - [26/Mar/2024:08:30:43 +0000] "GET / HTTP/1.1" 304 - "http://localhost:9100/productos/pizzas" "Mozilla/5.0 (X11; Linux x86_64) AppleWebKit/537.36 (KHTML, like Gecko) Chrome/120.0.0.0 Safari/537.36"
::1 - - [26/Mar/2024:08:31:44 +0000] "GET /productos HTTP/1.1" 200 10911 "http://localhost:9100/" "Mozilla/5.0 (X11; Linux x86_64) AppleWebKit/537.36 (KHTML, like Gecko) Chrome/120.0.0.0 Safari/537.36"
::1 - - [26/Mar/2024:09:33:42 +0000] "GET /condiciones-generales HTTP/1.1" 200 24263 "http://localhost:9100/" "Mozilla/5.0 (X11; Linux x86_64) AppleWebKit/537.36 (KHTML, like Gecko) Chrome/120.0.0.0 Safari/537.36"
::1 - - [26/Mar/2024:09:33:48 +0000] "GET /condiciones-generales HTTP/1.1" 200 24263 "http://localhost:9100/" "Mozilla/5.0 (X11; Linux x86_64) AppleWebKit/537.36 (KHTML, like Gecko) Chrome/120.0.0.0 Safari/537.36"
::1 - - [26/Mar/2024:09:34:05 +0000] "GET /about-us HTTP/1.1" 200 10838 "http://localhost:9100/condiciones-generales" "Mozilla/5.0 (X11; Linux x86_64) AppleWebKit/537.36 (KHTML, like Gecko) Chrome/120.0.0.0 Safari/537.36"
::1 - - [26/Mar/2024:09:34:14 +0000] "GET /valoraciones HTTP/1.1" 200 10905 "http://localhost:9100/about-us" "Mozilla/5.0 (X11; Linux x86_64) AppleWebKit/537.36 (KHTML, like Gecko) Chrome/120.0.0.0 Safari/537.36"
[2024-03-26T14:51:33.443] [DEBUG] access - http://localhost:9100
::1 - - [26/Mar/2024:13:51:45 +0000] "GET / HTTP/1.1" 200 12583 "-" "Mozilla/5.0 (X11; Linux x86_64) AppleWebKit/537.36 (KHTML, like Gecko) Chrome/120.0.0.0 Safari/537.36"
::1 - - [26/Mar/2024:13:51:46 +0000] "GET /usuarios/login-register HTTP/1.1" 200 11132 "http://localhost:9100/" "Mozilla/5.0 (X11; Linux x86_64) AppleWebKit/537.36 (KHTML, like Gecko) Chrome/120.0.0.0 Safari/537.36"
::1 - - [26/Mar/2024:13:52:06 +0000] "POST /usuarios/register HTTP/1.1" 404 157 "http://localhost:9100/usuarios/login-register" "Mozilla/5.0 (X11; Linux x86_64) AppleWebKit/537.36 (KHTML, like Gecko) Chrome/120.0.0.0 Safari/537.36"
[2024-03-26T14:53:27.956] [DEBUG] access - http://localhost:9100
::1 - - [26/Mar/2024:13:53:30 +0000] "POST /usuarios/register HTTP/1.1" 404 157 "http://localhost:9100/usuarios/login-register" "Mozilla/5.0 (X11; Linux x86_64) AppleWebKit/537.36 (KHTML, like Gecko) Chrome/120.0.0.0 Safari/537.36"
::1 - - [26/Mar/2024:13:53:54 +0000] "GET /usuarios/login-register HTTP/1.1" 200 11123 "http://localhost:9100/" "Mozilla/5.0 (X11; Linux x86_64) AppleWebKit/537.36 (KHTML, like Gecko) Chrome/120.0.0.0 Safari/537.36"
::1 - - [26/Mar/2024:13:54:12 +0000] "POST /register HTTP/1.1" 404 148 "http://localhost:9100/usuarios/login-register" "Mozilla/5.0 (X11; Linux x86_64) AppleWebKit/537.36 (KHTML, like Gecko) Chrome/120.0.0.0 Safari/537.36"
::1 - - [26/Mar/2024:13:54:29 +0000] "POST /register HTTP/1.1" 404 148 "http://localhost:9100/usuarios/login-register" "Mozilla/5.0 (X11; Linux x86_64) AppleWebKit/537.36 (KHTML, like Gecko) Chrome/120.0.0.0 Safari/537.36"
::1 - - [26/Mar/2024:13:54:34 +0000] "POST /register HTTP/1.1" 404 148 "http://localhost:9100/usuarios/login-register" "Mozilla/5.0 (X11; Linux x86_64) AppleWebKit/537.36 (KHTML, like Gecko) Chrome/120.0.0.0 Safari/537.36"
::1 - - [26/Mar/2024:13:54:40 +0000] "POST /register HTTP/1.1" 404 148 "http://localhost:9100/usuarios/login-register" "Mozilla/5.0 (X11; Linux x86_64) AppleWebKit/537.36 (KHTML, like Gecko) Chrome/120.0.0.0 Safari/537.36"
::1 - - [26/Mar/2024:13:54:42 +0000] "POST /register HTTP/1.1" 404 148 "http://localhost:9100/usuarios/login-register" "Mozilla/5.0 (X11; Linux x86_64) AppleWebKit/537.36 (KHTML, like Gecko) Chrome/120.0.0.0 Safari/537.36"
::1 - - [26/Mar/2024:13:54:59 +0000] "POST /register HTTP/1.1" 404 148 "http://localhost:9100/usuarios/login-register" "Mozilla/5.0 (X11; Linux x86_64) AppleWebKit/537.36 (KHTML, like Gecko) Chrome/120.0.0.0 Safari/537.36"
[2024-03-26T14:55:03.266] [DEBUG] access - http://localhost:9100
::1 - - [26/Mar/2024:13:55:06 +0000] "POST /register HTTP/1.1" 404 148 "http://localhost:9100/usuarios/login-register" "Mozilla/5.0 (X11; Linux x86_64) AppleWebKit/537.36 (KHTML, like Gecko) Chrome/120.0.0.0 Safari/537.36"
[2024-03-26T14:55:16.155] [DEBUG] access - http://localhost:9100
::1 - - [26/Mar/2024:13:55:18 +0000] "POST /register HTTP/1.1" 404 148 "http://localhost:9100/usuarios/login-register" "Mozilla/5.0 (X11; Linux x86_64) AppleWebKit/537.36 (KHTML, like Gecko) Chrome/120.0.0.0 Safari/537.36"
::1 - - [26/Mar/2024:13:55:20 +0000] "POST /register HTTP/1.1" 404 148 "http://localhost:9100/usuarios/login-register" "Mozilla/5.0 (X11; Linux x86_64) AppleWebKit/537.36 (KHTML, like Gecko) Chrome/120.0.0.0 Safari/537.36"
::1 - - [26/Mar/2024:13:55:22 +0000] "GET /usuarios/login-register HTTP/1.1" 200 11132 "http://localhost:9100/" "Mozilla/5.0 (X11; Linux x86_64) AppleWebKit/537.36 (KHTML, like Gecko) Chrome/120.0.0.0 Safari/537.36"
::1 - - [26/Mar/2024:13:55:23 +0000] "POST /usuarios/register HTTP/1.1" 404 157 "http://localhost:9100/usuarios/login-register" "Mozilla/5.0 (X11; Linux x86_64) AppleWebKit/537.36 (KHTML, like Gecko) Chrome/120.0.0.0 Safari/537.36"
[2024-03-26T14:59:24.605] [DEBUG] access - http://localhost:9100
::1 - - [26/Mar/2024:13:59:32 +0000] "GET /usuarios/login-register HTTP/1.1" 200 11132 "http://localhost:9100/" "Mozilla/5.0 (X11; Linux x86_64) AppleWebKit/537.36 (KHTML, like Gecko) Chrome/120.0.0.0 Safari/537.36"
::1 - - [26/Mar/2024:13:59:54 +0000] "POST /usuarios/register HTTP/1.1" 301 106 "http://localhost:9100/usuarios/login-register" "Mozilla/5.0 (X11; Linux x86_64) AppleWebKit/537.36 (KHTML, like Gecko) Chrome/120.0.0.0 Safari/537.36"
::1 - - [26/Mar/2024:13:59:54 +0000] "GET /api/v2/usuarios/register HTTP/1.1" 404 163 "http://localhost:9100/usuarios/login-register" "Mozilla/5.0 (X11; Linux x86_64) AppleWebKit/537.36 (KHTML, like Gecko) Chrome/120.0.0.0 Safari/537.36"
[2024-03-26T15:00:24.480] [DEBUG] access - http://localhost:9100
::1 - - [26/Mar/2024:14:00:47 +0000] "POST /usuarios/register HTTP/1.1" 404 157 "http://localhost:9100/usuarios/login-register" "Mozilla/5.0 (X11; Linux x86_64) AppleWebKit/537.36 (KHTML, like Gecko) Chrome/120.0.0.0 Safari/537.36"
::1 - - [26/Mar/2024:14:00:58 +0000] "GET /usuarios/login-register HTTP/1.1" 200 11139 "http://localhost:9100/" "Mozilla/5.0 (X11; Linux x86_64) AppleWebKit/537.36 (KHTML, like Gecko) Chrome/120.0.0.0 Safari/537.36"
::1 - - [26/Mar/2024:14:01:39 +0000] "POST /api/v2/usuarios/register HTTP/1.1" 404 164 "http://localhost:9100/usuarios/login-register" "Mozilla/5.0 (X11; Linux x86_64) AppleWebKit/537.36 (KHTML, like Gecko) Chrome/120.0.0.0 Safari/537.36"
[2024-03-26T15:05:44.790] [DEBUG] access - http://localhost:9100
::1 - - [26/Mar/2024:14:05:45 +0000] "GET /usuarios/login-register HTTP/1.1" 200 11132 "http://localhost:9100/" "Mozilla/5.0 (X11; Linux x86_64) AppleWebKit/537.36 (KHTML, like Gecko) Chrome/120.0.0.0 Safari/537.36"
::1 - - [26/Mar/2024:14:05:58 +0000] "POST /usuarios/register HTTP/1.1" 404 157 "http://localhost:9100/usuarios/login-register" "Mozilla/5.0 (X11; Linux x86_64) AppleWebKit/537.36 (KHTML, like Gecko) Chrome/120.0.0.0 Safari/537.36"
::1 - - [26/Mar/2024:14:11:19 +0000] "POST /usuarios/register HTTP/1.1" 404 157 "http://localhost:9100/usuarios/login-register" "Mozilla/5.0 (X11; Linux x86_64) AppleWebKit/537.36 (KHTML, like Gecko) Chrome/120.0.0.0 Safari/537.36"
[2024-03-26T15:14:08.545] [DEBUG] access - http://localhost:9100
::1 - - [26/Mar/2024:14:14:21 +0000] "GET /usuarios/login-register HTTP/1.1" 200 11123 "http://localhost:9100/" "Mozilla/5.0 (X11; Linux x86_64) AppleWebKit/537.36 (KHTML, like Gecko) Chrome/120.0.0.0 Safari/537.36"
::1 - - [26/Mar/2024:14:14:43 +0000] "POST /register HTTP/1.1" 404 148 "http://localhost:9100/usuarios/login-register" "Mozilla/5.0 (X11; Linux x86_64) AppleWebKit/537.36 (KHTML, like Gecko) Chrome/120.0.0.0 Safari/537.36"
::1 - - [26/Mar/2024:14:14:53 +0000] "GET /usuarios/login-register HTTP/1.1" 200 11132 "http://localhost:9100/" "Mozilla/5.0 (X11; Linux x86_64) AppleWebKit/537.36 (KHTML, like Gecko) Chrome/120.0.0.0 Safari/537.36"
::1 - - [26/Mar/2024:14:15:08 +0000] "POST /usuarios/register HTTP/1.1" 404 157 "http://localhost:9100/usuarios/login-register" "Mozilla/5.0 (X11; Linux x86_64) AppleWebKit/537.36 (KHTML, like Gecko) Chrome/120.0.0.0 Safari/537.36"
[2024-03-26T15:24:30.748] [DEBUG] access - http://localhost:9100
::1 - - [26/Mar/2024:14:24:34 +0000] "GET / HTTP/1.1" 304 - "-" "Mozilla/5.0 (X11; Linux x86_64) AppleWebKit/537.36 (KHTML, like Gecko) Chrome/120.0.0.0 Safari/537.36"
::1 - - [26/Mar/2024:14:24:37 +0000] "GET / HTTP/1.1" 304 - "http://localhost:9100/" "Mozilla/5.0 (X11; Linux x86_64) AppleWebKit/537.36 (KHTML, like Gecko) Chrome/120.0.0.0 Safari/537.36"
::1 - - [26/Mar/2024:14:24:38 +0000] "GET / HTTP/1.1" 200 12583 "http://localhost:9100/" "Mozilla/5.0 (X11; Linux x86_64) AppleWebKit/537.36 (KHTML, like Gecko) Chrome/120.0.0.0 Safari/537.36"
::1 - - [26/Mar/2024:14:24:43 +0000] "GET / HTTP/1.1" 304 - "http://localhost:9100/" "Mozilla/5.0 (X11; Linux x86_64) AppleWebKit/537.36 (KHTML, like Gecko) Chrome/120.0.0.0 Safari/537.36"
::1 - - [26/Mar/2024:14:25:02 +0000] "GET /usuarios/login-register HTTP/1.1" 200 11123 "http://localhost:9100/" "Mozilla/5.0 (X11; Linux x86_64) AppleWebKit/537.36 (KHTML, like Gecko) Chrome/120.0.0.0 Safari/537.36"
::1 - - [26/Mar/2024:14:25:08 +0000] "GET /valoraciones HTTP/1.1" 304 - "http://localhost:9100/" "Mozilla/5.0 (X11; Linux x86_64) AppleWebKit/537.36 (KHTML, like Gecko) Chrome/120.0.0.0 Safari/537.36"
::1 - - [26/Mar/2024:14:25:14 +0000] "POST /valoraciones HTTP/1.1" 302 86 "http://localhost:9100/valoraciones" "Mozilla/5.0 (X11; Linux x86_64) AppleWebKit/537.36 (KHTML, like Gecko) Chrome/120.0.0.0 Safari/537.36"
::1 - - [26/Mar/2024:14:25:14 +0000] "GET /valoraciones/success HTTP/1.1" 200 8986 "http://localhost:9100/valoraciones" "Mozilla/5.0 (X11; Linux x86_64) AppleWebKit/537.36 (KHTML, like Gecko) Chrome/120.0.0.0 Safari/537.36"
::1 - - [26/Mar/2024:14:25:24 +0000] "GET / HTTP/1.1" 304 - "http://localhost:9100/valoraciones/success" "Mozilla/5.0 (X11; Linux x86_64) AppleWebKit/537.36 (KHTML, like Gecko) Chrome/120.0.0.0 Safari/537.36"
::ffff:127.0.0.1 - - [26/Mar/2024:14:25:30 +0000] "GET /api/v2/productos/getAllProduct HTTP/1.1" 200 8510 "-" "node"
::1 - - [26/Mar/2024:14:25:30 +0000] "GET /productos/pizzas HTTP/1.1" 200 21070 "http://localhost:9100/" "Mozilla/5.0 (X11; Linux x86_64) AppleWebKit/537.36 (KHTML, like Gecko) Chrome/120.0.0.0 Safari/537.36"
::1 - - [26/Mar/2024:14:25:38 +0000] "POST /add-to-cart HTTP/1.1" 200 28 "http://localhost:9100/productos/pizzas" "Mozilla/5.0 (X11; Linux x86_64) AppleWebKit/537.36 (KHTML, like Gecko) Chrome/120.0.0.0 Safari/537.36"
::1 - - [26/Mar/2024:14:25:43 +0000] "GET /carrito HTTP/1.1" 200 11193 "http://localhost:9100/productos/pizzas" "Mozilla/5.0 (X11; Linux x86_64) AppleWebKit/537.36 (KHTML, like Gecko) Chrome/120.0.0.0 Safari/537.36"
::ffff:127.0.0.1 - - [26/Mar/2024:14:25:56 +0000] "GET /api/v2/productos/getAllProduct HTTP/1.1" 200 8510 "-" "node"
::1 - - [26/Mar/2024:14:25:56 +0000] "GET /productos/pastas HTTP/1.1" 200 18635 "http://localhost:9100/carrito" "Mozilla/5.0 (X11; Linux x86_64) AppleWebKit/537.36 (KHTML, like Gecko) Chrome/120.0.0.0 Safari/537.36"
::1 - - [26/Mar/2024:14:25:57 +0000] "POST /add-to-cart HTTP/1.1" 200 28 "http://localhost:9100/productos/pastas" "Mozilla/5.0 (X11; Linux x86_64) AppleWebKit/537.36 (KHTML, like Gecko) Chrome/120.0.0.0 Safari/537.36"
::ffff:127.0.0.1 - - [26/Mar/2024:14:26:19 +0000] "GET /api/v2/productos/getAllProduct HTTP/1.1" 200 8510 "-" "node"
::1 - - [26/Mar/2024:14:26:19 +0000] "GET /productos/complementos HTTP/1.1" 200 21503 "http://localhost:9100/productos/pastas" "Mozilla/5.0 (X11; Linux x86_64) AppleWebKit/537.36 (KHTML, like Gecko) Chrome/120.0.0.0 Safari/537.36"
::1 - - [26/Mar/2024:14:26:28 +0000] "GET /api/v2/productos/getProductDetailByID/65fc3c3fad39b70e0258fe64 HTTP/1.1" 200 294 "http://localhost:9100/productos/complementos" "Mozilla/5.0 (X11; Linux x86_64) AppleWebKit/537.36 (KHTML, like Gecko) Chrome/120.0.0.0 Safari/537.36"
[2024-03-26T15:27:21.380] [DEBUG] access - http://localhost:9100
::1 - - [26/Mar/2024:14:27:30 +0000] "GET / HTTP/1.1" 304 - "-" "Mozilla/5.0 (X11; Linux x86_64) AppleWebKit/537.36 (KHTML, like Gecko) Chrome/120.0.0.0 Safari/537.36"
::1 - - [26/Mar/2024:14:27:43 +0000] "GET / HTTP/1.1" 304 - "-" "Mozilla/5.0 (X11; Linux x86_64) AppleWebKit/537.36 (KHTML, like Gecko) Chrome/120.0.0.0 Safari/537.36"
::ffff:127.0.0.1 - - [26/Mar/2024:14:27:48 +0000] "GET /api/v2/productos/getAllProduct HTTP/1.1" 200 8510 "-" "node"
::1 - - [26/Mar/2024:14:27:48 +0000] "GET /productos/complementos HTTP/1.1" 200 21495 "http://localhost:9100/" "Mozilla/5.0 (X11; Linux x86_64) AppleWebKit/537.36 (KHTML, like Gecko) Chrome/120.0.0.0 Safari/537.36"
::ffff:127.0.0.1 - - [26/Mar/2024:14:28:29 +0000] "GET /api/v2/productos/getAllProduct HTTP/1.1" 200 8510 "-" "node"
::1 - - [26/Mar/2024:14:28:29 +0000] "GET /productos/complementos HTTP/1.1" 200 21313 "http://localhost:9100/" "Mozilla/5.0 (X11; Linux x86_64) AppleWebKit/537.36 (KHTML, like Gecko) Chrome/120.0.0.0 Safari/537.36"
::ffff:127.0.0.1 - - [26/Mar/2024:14:28:34 +0000] "GET /api/v2/productos/getAllProduct HTTP/1.1" 200 8510 "-" "node"
::1 - - [26/Mar/2024:14:28:34 +0000] "GET /productos/complementos HTTP/1.1" 200 21366 "http://localhost:9100/" "Mozilla/5.0 (X11; Linux x86_64) AppleWebKit/537.36 (KHTML, like Gecko) Chrome/120.0.0.0 Safari/537.36"
::ffff:127.0.0.1 - - [26/Mar/2024:14:28:37 +0000] "GET /api/v2/productos/getAllProduct HTTP/1.1" 200 8510 "-" "node"
::1 - - [26/Mar/2024:14:28:37 +0000] "GET /productos/complementos HTTP/1.1" 200 21441 "http://localhost:9100/" "Mozilla/5.0 (X11; Linux x86_64) AppleWebKit/537.36 (KHTML, like Gecko) Chrome/120.0.0.0 Safari/537.36"
::ffff:127.0.0.1 - - [26/Mar/2024:14:28:42 +0000] "GET /api/v2/productos/getAllProduct HTTP/1.1" 200 8510 "-" "node"
::1 - - [26/Mar/2024:14:28:42 +0000] "GET /productos/complementos HTTP/1.1" 200 21495 "http://localhost:9100/" "Mozilla/5.0 (X11; Linux x86_64) AppleWebKit/537.36 (KHTML, like Gecko) Chrome/120.0.0.0 Safari/537.36"
::ffff:127.0.0.1 - - [26/Mar/2024:14:28:50 +0000] "GET /api/v2/productos/getAllProduct HTTP/1.1" 200 8510 "-" "node"
::1 - - [26/Mar/2024:14:28:50 +0000] "GET /productos/pizzas HTTP/1.1" 304 - "http://localhost:9100/productos/complementos" "Mozilla/5.0 (X11; Linux x86_64) AppleWebKit/537.36 (KHTML, like Gecko) Chrome/120.0.0.0 Safari/537.36"
::1 - - [26/Mar/2024:14:28:53 +0000] "GET / HTTP/1.1" 304 - "http://localhost:9100/productos/pizzas" "Mozilla/5.0 (X11; Linux x86_64) AppleWebKit/537.36 (KHTML, like Gecko) Chrome/120.0.0.0 Safari/537.36"
::ffff:127.0.0.1 - - [26/Mar/2024:14:29:02 +0000] "GET / HTTP/1.1" 200 12583 "-" "Mozilla/5.0 (X11; Ubuntu; Linux x86_64; rv:124.0) Gecko/20100101 Firefox/124.0"
::ffff:127.0.0.1 - - [26/Mar/2024:14:29:18 +0000] "GET /about-us HTTP/1.1" 200 10838 "http://localhost:9100/" "Mozilla/5.0 (X11; Ubuntu; Linux x86_64; rv:124.0) Gecko/20100101 Firefox/124.0"
::ffff:127.0.0.1 - - [26/Mar/2024:14:29:25 +0000] "GET /carrito HTTP/1.1" 200 10113 "http://localhost:9100/" "Mozilla/5.0 (X11; Ubuntu; Linux x86_64; rv:124.0) Gecko/20100101 Firefox/124.0"
::ffff:127.0.0.1 - - [26/Mar/2024:14:29:27 +0000] "GET /usuarios/login-register HTTP/1.1" 200 11123 "http://localhost:9100/carrito" "Mozilla/5.0 (X11; Ubuntu; Linux x86_64; rv:124.0) Gecko/20100101 Firefox/124.0"
::ffff:127.0.0.1 - - [26/Mar/2024:14:29:33 +0000] "GET / HTTP/1.1" 200 12583 "http://localhost:9100/carrito" "Mozilla/5.0 (X11; Ubuntu; Linux x86_64; rv:124.0) Gecko/20100101 Firefox/124.0"
[2024-03-26T15:32:32.221] [DEBUG] access - http://localhost:9100
::1 - - [26/Mar/2024:14:32:34 +0000] "GET / HTTP/1.1" 200 12758 "http://localhost:9100/productos/pizzas" "Mozilla/5.0 (X11; Linux x86_64) AppleWebKit/537.36 (KHTML, like Gecko) Chrome/120.0.0.0 Safari/537.36"
::1 - - [26/Mar/2024:14:33:49 +0000] "GET / HTTP/1.1" 304 - "http://localhost:9100/productos/pizzas" "Mozilla/5.0 (X11; Linux x86_64) AppleWebKit/537.36 (KHTML, like Gecko) Chrome/120.0.0.0 Safari/537.36"
::1 - - [26/Mar/2024:14:35:22 +0000] "GET /usuarios/login-register HTTP/1.1" 304 - "http://localhost:9100/" "Mozilla/5.0 (X11; Linux x86_64) AppleWebKit/537.36 (KHTML, like Gecko) Chrome/120.0.0.0 Safari/537.36"
[2024-03-26T15:36:12.762] [DEBUG] access - http://localhost:9100
::1 - - [26/Mar/2024:14:36:13 +0000] "GET /usuarios/login-register HTTP/1.1" 304 - "http://localhost:9100/" "Mozilla/5.0 (X11; Linux x86_64) AppleWebKit/537.36 (KHTML, like Gecko) Chrome/120.0.0.0 Safari/537.36"
::1 - - [26/Mar/2024:14:36:14 +0000] "GET /usuarios/login-register HTTP/1.1" 304 - "http://localhost:9100/" "Mozilla/5.0 (X11; Linux x86_64) AppleWebKit/537.36 (KHTML, like Gecko) Chrome/120.0.0.0 Safari/537.36"
::1 - - [26/Mar/2024:14:36:14 +0000] "GET /usuarios/login-register HTTP/1.1" 304 - "http://localhost:9100/" "Mozilla/5.0 (X11; Linux x86_64) AppleWebKit/537.36 (KHTML, like Gecko) Chrome/120.0.0.0 Safari/537.36"
::1 - - [26/Mar/2024:14:36:14 +0000] "GET /usuarios/login-register HTTP/1.1" 304 - "http://localhost:9100/" "Mozilla/5.0 (X11; Linux x86_64) AppleWebKit/537.36 (KHTML, like Gecko) Chrome/120.0.0.0 Safari/537.36"
::1 - - [26/Mar/2024:14:36:33 +0000] "POST /register HTTP/1.1" 404 148 "http://localhost:9100/usuarios/login-register" "Mozilla/5.0 (X11; Linux x86_64) AppleWebKit/537.36 (KHTML, like Gecko) Chrome/120.0.0.0 Safari/537.36"
[2024-03-26T15:38:43.575] [DEBUG] access - http://localhost:9100
[2024-03-26T15:39:59.811] [DEBUG] access - http://localhost:9100
[2024-03-26T15:40:08.502] [DEBUG] access - http://localhost:9100
::1 - - [26/Mar/2024:14:40:42 +0000] "GET /api/v2/usuarios/getAllUser HTTP/1.1" 304 - "-" "Mozilla/5.0 (X11; Linux x86_64) AppleWebKit/537.36 (KHTML, like Gecko) Chrome/120.0.0.0 Safari/537.36"
::1 - - [26/Mar/2024:14:40:55 +0000] "GET /api/v2/usuarios/getAllUser HTTP/1.1" 304 - "-" "Mozilla/5.0 (X11; Linux x86_64) AppleWebKit/537.36 (KHTML, like Gecko) Chrome/120.0.0.0 Safari/537.36"
::1 - - [26/Mar/2024:14:40:57 +0000] "GET / HTTP/1.1" 200 12026 "-" "Mozilla/5.0 (X11; Linux x86_64) AppleWebKit/537.36 (KHTML, like Gecko) Chrome/120.0.0.0 Safari/537.36"
::1 - - [26/Mar/2024:14:40:59 +0000] "GET /usuarios/login-register HTTP/1.1" 200 11076 "http://localhost:9100/" "Mozilla/5.0 (X11; Linux x86_64) AppleWebKit/537.36 (KHTML, like Gecko) Chrome/120.0.0.0 Safari/537.36"
::1 - - [26/Mar/2024:14:41:14 +0000] "POST /api/v2/usuarios/register HTTP/1.1" 201 46 "http://localhost:9100/usuarios/login-register" "Mozilla/5.0 (X11; Linux x86_64) AppleWebKit/537.36 (KHTML, like Gecko) Chrome/120.0.0.0 Safari/537.36"
::1 - - [26/Mar/2024:14:41:46 +0000] "GET / HTTP/1.1" 304 - "-" "Mozilla/5.0 (X11; Linux x86_64) AppleWebKit/537.36 (KHTML, like Gecko) Chrome/120.0.0.0 Safari/537.36"
::1 - - [26/Mar/2024:14:41:48 +0000] "GET /usuarios/login-register HTTP/1.1" 304 - "http://localhost:9100/" "Mozilla/5.0 (X11; Linux x86_64) AppleWebKit/537.36 (KHTML, like Gecko) Chrome/120.0.0.0 Safari/537.36"
::1 - - [26/Mar/2024:14:42:12 +0000] "POST /api/v2/usuarios/register HTTP/1.1" 400 57 "http://localhost:9100/usuarios/login-register" "Mozilla/5.0 (X11; Linux x86_64) AppleWebKit/537.36 (KHTML, like Gecko) Chrome/120.0.0.0 Safari/537.36"
[2024-03-26T15:44:58.964] [DEBUG] access - http://localhost:9100
[2024-03-26T15:45:04.646] [DEBUG] access - http://localhost:9100
::1 - - [26/Mar/2024:14:45:10 +0000] "GET /usuarios/login-register HTTP/1.1" 200 11076 "http://localhost:9100/" "Mozilla/5.0 (X11; Linux x86_64) AppleWebKit/537.36 (KHTML, like Gecko) Chrome/120.0.0.0 Safari/537.36"
[2024-03-26T15:46:30.734] [DEBUG] access - http://localhost:9100
[2024-03-26T15:46:56.249] [DEBUG] access - http://localhost:9100
[2024-03-26T15:46:58.278] [DEBUG] access - http://localhost:9100
::1 - - [26/Mar/2024:14:47:06 +0000] "GET / HTTP/1.1" 304 - "-" "Mozilla/5.0 (X11; Linux x86_64) AppleWebKit/537.36 (KHTML, like Gecko) Chrome/120.0.0.0 Safari/537.36"
::1 - - [26/Mar/2024:14:47:10 +0000] "GET /usuarios/login-register HTTP/1.1" 304 - "http://localhost:9100/" "Mozilla/5.0 (X11; Linux x86_64) AppleWebKit/537.36 (KHTML, like Gecko) Chrome/120.0.0.0 Safari/537.36"
[2024-03-26T15:59:40.877] [DEBUG] access - http://localhost:9100
::1 - - [26/Mar/2024:14:59:42 +0000] "GET / HTTP/1.1" 304 - "-" "Mozilla/5.0 (X11; Linux x86_64) AppleWebKit/537.36 (KHTML, like Gecko) Chrome/120.0.0.0 Safari/537.36"
[2024-03-26T15:59:53.176] [DEBUG] access - http://localhost:9100
>>>>>>> 95dd2ce20410f066e44222c86865608afd952619
[2024-03-28T16:33:18.846] [DEBUG] access - http://localhost:9100
::1 - - [28/Mar/2024:15:33:28 +0000] "GET / HTTP/1.1" 200 12340 "-" "Mozilla/5.0 (Windows NT 10.0; Win64; x64) AppleWebKit/537.36 (KHTML, like Gecko) Chrome/123.0.0.0 Safari/537.36"
::1 - - [28/Mar/2024:15:33:33 +0000] "GET /usuarios/login-register HTTP/1.1" 200 11345 "http://localhost:9100/" "Mozilla/5.0 (Windows NT 10.0; Win64; x64) AppleWebKit/537.36 (KHTML, like Gecko) Chrome/123.0.0.0 Safari/537.36"
::1 - - [28/Mar/2024:15:33:47 +0000] "GET /about-us HTTP/1.1" 200 10528 "http://localhost:9100/" "Mozilla/5.0 (Windows NT 10.0; Win64; x64) AppleWebKit/537.36 (KHTML, like Gecko) Chrome/123.0.0.0 Safari/537.36"
::1 - - [28/Mar/2024:15:33:50 +0000] "GET /usuarios/login-register HTTP/1.1" 304 - "http://localhost:9100/about-us" "Mozilla/5.0 (Windows NT 10.0; Win64; x64) AppleWebKit/537.36 (KHTML, like Gecko) Chrome/123.0.0.0 Safari/537.36"
::1 - - [28/Mar/2024:15:33:54 +0000] "GET /api/v2/productos/getAllProduct HTTP/1.1" 200 8510 "-" "node"
::1 - - [28/Mar/2024:15:33:55 +0000] "GET /productos/complementos HTTP/1.1" 200 21487 "http://localhost:9100/about-us" "Mozilla/5.0 (Windows NT 10.0; Win64; x64) AppleWebKit/537.36 (KHTML, like Gecko) Chrome/123.0.0.0 Safari/537.36"
::1 - - [28/Mar/2024:15:33:58 +0000] "GET /api/v2/productos/getProductDetailByID/66058daf137b2ed895ab7a67 HTTP/1.1" 200 309 "http://localhost:9100/productos/complementos" "Mozilla/5.0 (Windows NT 10.0; Win64; x64) AppleWebKit/537.36 (KHTML, like Gecko) Chrome/123.0.0.0 Safari/537.36"
::1 - - [28/Mar/2024:15:34:01 +0000] "GET /carrito HTTP/1.1" 200 9813 "http://localhost:9100/productos/complementos" "Mozilla/5.0 (Windows NT 10.0; Win64; x64) AppleWebKit/537.36 (KHTML, like Gecko) Chrome/123.0.0.0 Safari/537.36"
::1 - - [28/Mar/2024:15:34:16 +0000] "GET /api/v2/productos/getAllProduct HTTP/1.1" 200 8510 "-" "node"
::1 - - [28/Mar/2024:15:34:16 +0000] "GET /productos/bebidas HTTP/1.1" 200 18423 "http://localhost:9100/productos/complementos" "Mozilla/5.0 (Windows NT 10.0; Win64; x64) AppleWebKit/537.36 (KHTML, like Gecko) Chrome/123.0.0.0 Safari/537.36"
::1 - - [28/Mar/2024:15:34:19 +0000] "GET /api/v2/productos/getAllProduct HTTP/1.1" 200 8510 "-" "node"
::1 - - [28/Mar/2024:15:34:19 +0000] "GET /productos/complementos HTTP/1.1" 304 - "http://localhost:9100/productos/bebidas" "Mozilla/5.0 (Windows NT 10.0; Win64; x64) AppleWebKit/537.36 (KHTML, like Gecko) Chrome/123.0.0.0 Safari/537.36"
::1 - - [28/Mar/2024:15:36:16 +0000] "GET /api/v2/productos/getAllProduct HTTP/1.1" 200 8510 "-" "node"
::1 - - [28/Mar/2024:15:36:16 +0000] "GET /productos/complementos HTTP/1.1" 200 20948 "http://localhost:9100/productos/bebidas" "Mozilla/5.0 (Windows NT 10.0; Win64; x64) AppleWebKit/537.36 (KHTML, like Gecko) Chrome/123.0.0.0 Safari/537.36"
::1 - - [28/Mar/2024:15:36:19 +0000] "GET /productos HTTP/1.1" 200 9203 "http://localhost:9100/productos/complementos" "Mozilla/5.0 (Windows NT 10.0; Win64; x64) AppleWebKit/537.36 (KHTML, like Gecko) Chrome/123.0.0.0 Safari/537.36"
::1 - - [28/Mar/2024:15:36:20 +0000] "GET /api/v2/productos/getAllProduct HTTP/1.1" 200 8510 "-" "node"
::1 - - [28/Mar/2024:15:36:20 +0000] "GET /productos/complementos HTTP/1.1" 304 - "http://localhost:9100/productos" "Mozilla/5.0 (Windows NT 10.0; Win64; x64) AppleWebKit/537.36 (KHTML, like Gecko) Chrome/123.0.0.0 Safari/537.36"
::1 - - [28/Mar/2024:15:37:23 +0000] "GET / HTTP/1.1" 200 11801 "http://localhost:9100/productos/complementos" "Mozilla/5.0 (Windows NT 10.0; Win64; x64) AppleWebKit/537.36 (KHTML, like Gecko) Chrome/123.0.0.0 Safari/537.36"
::1 - - [28/Mar/2024:15:38:16 +0000] "GET / HTTP/1.1" 200 11816 "http://localhost:9100/productos/complementos" "Mozilla/5.0 (Windows NT 10.0; Win64; x64) AppleWebKit/537.36 (KHTML, like Gecko) Chrome/123.0.0.0 Safari/537.36"
::1 - - [28/Mar/2024:15:38:20 +0000] "GET /? HTTP/1.1" 200 11816 "http://localhost:9100/" "Mozilla/5.0 (Windows NT 10.0; Win64; x64) AppleWebKit/537.36 (KHTML, like Gecko) Chrome/123.0.0.0 Safari/537.36"
::1 - - [28/Mar/2024:15:38:27 +0000] "GET /carrito HTTP/1.1" 200 9289 "http://localhost:9100/?" "Mozilla/5.0 (Windows NT 10.0; Win64; x64) AppleWebKit/537.36 (KHTML, like Gecko) Chrome/123.0.0.0 Safari/537.36"
::1 - - [28/Mar/2024:15:38:29 +0000] "GET /usuarios/login-register HTTP/1.1" 304 - "http://localhost:9100/carrito" "Mozilla/5.0 (Windows NT 10.0; Win64; x64) AppleWebKit/537.36 (KHTML, like Gecko) Chrome/123.0.0.0 Safari/537.36"
::1 - - [28/Mar/2024:15:38:30 +0000] "GET / HTTP/1.1" 304 - "http://localhost:9100/usuarios/login-register" "Mozilla/5.0 (Windows NT 10.0; Win64; x64) AppleWebKit/537.36 (KHTML, like Gecko) Chrome/123.0.0.0 Safari/537.36"
::1 - - [28/Mar/2024:15:38:31 +0000] "GET /about-us HTTP/1.1" 200 10004 "http://localhost:9100/" "Mozilla/5.0 (Windows NT 10.0; Win64; x64) AppleWebKit/537.36 (KHTML, like Gecko) Chrome/123.0.0.0 Safari/537.36"
::1 - - [28/Mar/2024:15:38:34 +0000] "GET /productos HTTP/1.1" 200 9218 "http://localhost:9100/about-us" "Mozilla/5.0 (Windows NT 10.0; Win64; x64) AppleWebKit/537.36 (KHTML, like Gecko) Chrome/123.0.0.0 Safari/537.36"
::1 - - [28/Mar/2024:15:38:59 +0000] "GET /productos HTTP/1.1" 200 9218 "http://localhost:9100/about-us" "Mozilla/5.0 (Windows NT 10.0; Win64; x64) AppleWebKit/537.36 (KHTML, like Gecko) Chrome/123.0.0.0 Safari/537.36"
::1 - - [28/Mar/2024:15:39:01 +0000] "GET / HTTP/1.1" 200 11631 "http://localhost:9100/productos" "Mozilla/5.0 (Windows NT 10.0; Win64; x64) AppleWebKit/537.36 (KHTML, like Gecko) Chrome/123.0.0.0 Safari/537.36"
::1 - - [28/Mar/2024:15:39:05 +0000] "GET / HTTP/1.1" 200 11685 "http://localhost:9100/productos" "Mozilla/5.0 (Windows NT 10.0; Win64; x64) AppleWebKit/537.36 (KHTML, like Gecko) Chrome/123.0.0.0 Safari/537.36"
::1 - - [28/Mar/2024:15:39:10 +0000] "GET / HTTP/1.1" 200 11761 "http://localhost:9100/productos" "Mozilla/5.0 (Windows NT 10.0; Win64; x64) AppleWebKit/537.36 (KHTML, like Gecko) Chrome/123.0.0.0 Safari/537.36"
::1 - - [28/Mar/2024:15:39:17 +0000] "GET / HTTP/1.1" 304 - "http://localhost:9100/productos" "Mozilla/5.0 (Windows NT 10.0; Win64; x64) AppleWebKit/537.36 (KHTML, like Gecko) Chrome/123.0.0.0 Safari/537.36"
::1 - - [28/Mar/2024:15:39:26 +0000] "GET / HTTP/1.1" 200 11816 "http://localhost:9100/productos" "Mozilla/5.0 (Windows NT 10.0; Win64; x64) AppleWebKit/537.36 (KHTML, like Gecko) Chrome/123.0.0.0 Safari/537.36"
::1 - - [28/Mar/2024:15:39:34 +0000] "GET /productos HTTP/1.1" 304 - "http://localhost:9100/" "Mozilla/5.0 (Windows NT 10.0; Win64; x64) AppleWebKit/537.36 (KHTML, like Gecko) Chrome/123.0.0.0 Safari/537.36"
::1 - - [28/Mar/2024:15:39:35 +0000] "GET /api/v2/productos/getAllProduct HTTP/1.1" 200 8510 "-" "node"
::1 - - [28/Mar/2024:15:39:35 +0000] "GET /productos/complementos HTTP/1.1" 200 20963 "http://localhost:9100/productos" "Mozilla/5.0 (Windows NT 10.0; Win64; x64) AppleWebKit/537.36 (KHTML, like Gecko) Chrome/123.0.0.0 Safari/537.36"
::1 - - [28/Mar/2024:15:43:56 +0000] "GET /api/v2/productos/getAllProduct HTTP/1.1" 200 8510 "-" "node"
::1 - - [28/Mar/2024:15:43:57 +0000] "GET /productos/complementos HTTP/1.1" 200 22534 "http://localhost:9100/productos" "Mozilla/5.0 (Windows NT 10.0; Win64; x64) AppleWebKit/537.36 (KHTML, like Gecko) Chrome/123.0.0.0 Safari/537.36"
::1 - - [28/Mar/2024:15:43:57 +0000] "POST /add-to-cart HTTP/1.1" 200 28 "http://localhost:9100/productos/complementos" "Mozilla/5.0 (Windows NT 10.0; Win64; x64) AppleWebKit/537.36 (KHTML, like Gecko) Chrome/123.0.0.0 Safari/537.36"
::1 - - [28/Mar/2024:15:44:04 +0000] "GET /api/v2/productos/getAllProduct HTTP/1.1" 200 8510 "-" "node"
::1 - - [28/Mar/2024:15:44:04 +0000] "GET /productos/complementos HTTP/1.1" 304 - "http://localhost:9100/productos/complementos" "Mozilla/5.0 (Windows NT 10.0; Win64; x64) AppleWebKit/537.36 (KHTML, like Gecko) Chrome/123.0.0.0 Safari/537.36"
::1 - - [28/Mar/2024:15:44:06 +0000] "GET /api/v2/productos/getAllProduct HTTP/1.1" 200 8510 "-" "node"
::1 - - [28/Mar/2024:15:44:06 +0000] "GET /productos/pizzas HTTP/1.1" 200 20535 "http://localhost:9100/productos/complementos" "Mozilla/5.0 (Windows NT 10.0; Win64; x64) AppleWebKit/537.36 (KHTML, like Gecko) Chrome/123.0.0.0 Safari/537.36"
::1 - - [28/Mar/2024:15:44:07 +0000] "POST /add-to-cart HTTP/1.1" 200 28 "http://localhost:9100/productos/pizzas" "Mozilla/5.0 (Windows NT 10.0; Win64; x64) AppleWebKit/537.36 (KHTML, like Gecko) Chrome/123.0.0.0 Safari/537.36"
::1 - - [28/Mar/2024:15:44:49 +0000] "GET /api/v2/usuarios/getAllUser HTTP/1.1" 200 582 "http://localhost:4200/" "Mozilla/5.0 (Windows NT 10.0; Win64; x64) AppleWebKit/537.36 (KHTML, like Gecko) Chrome/123.0.0.0 Safari/537.36"
::1 - - [28/Mar/2024:15:44:52 +0000] "GET /api/v2/usuarios/getUserDetailByID/66058db2b037ee44fa6912fc HTTP/1.1" 200 191 "http://localhost:4200/" "Mozilla/5.0 (Windows NT 10.0; Win64; x64) AppleWebKit/537.36 (KHTML, like Gecko) Chrome/123.0.0.0 Safari/537.36"
::1 - - [28/Mar/2024:15:44:56 +0000] "GET /api/v2/usuarios/getAllUser HTTP/1.1" 200 582 "http://localhost:4200/" "Mozilla/5.0 (Windows NT 10.0; Win64; x64) AppleWebKit/537.36 (KHTML, like Gecko) Chrome/123.0.0.0 Safari/537.36"
::1 - - [28/Mar/2024:15:45:00 +0000] "GET /api/v2/usuarios/getUserDetailByID/66058db2b037ee44fa6912fc HTTP/1.1" 200 191 "http://localhost:4200/" "Mozilla/5.0 (Windows NT 10.0; Win64; x64) AppleWebKit/537.36 (KHTML, like Gecko) Chrome/123.0.0.0 Safari/537.36"
::1 - - [28/Mar/2024:15:45:02 +0000] "GET /api/v2/usuarios/getAllUser HTTP/1.1" 200 582 "http://localhost:4200/" "Mozilla/5.0 (Windows NT 10.0; Win64; x64) AppleWebKit/537.36 (KHTML, like Gecko) Chrome/123.0.0.0 Safari/537.36"
::1 - - [28/Mar/2024:15:45:03 +0000] "GET /api/v2/usuarios/getUserDetailByID/66058db2b037ee44fa6912fc HTTP/1.1" 200 191 "http://localhost:4200/" "Mozilla/5.0 (Windows NT 10.0; Win64; x64) AppleWebKit/537.36 (KHTML, like Gecko) Chrome/123.0.0.0 Safari/537.36"
::1 - - [28/Mar/2024:15:45:04 +0000] "GET /api/v2/usuarios/getAllUser HTTP/1.1" 200 582 "http://localhost:4200/" "Mozilla/5.0 (Windows NT 10.0; Win64; x64) AppleWebKit/537.36 (KHTML, like Gecko) Chrome/123.0.0.0 Safari/537.36"
::1 - - [28/Mar/2024:15:45:09 +0000] "DELETE /api/v2/usuarios/deleteUserByID/66058db2b037ee44fa6912fe HTTP/1.1" 200 194 "http://localhost:4200/" "Mozilla/5.0 (Windows NT 10.0; Win64; x64) AppleWebKit/537.36 (KHTML, like Gecko) Chrome/123.0.0.0 Safari/537.36"
::1 - - [28/Mar/2024:15:45:09 +0000] "GET /api/v2/usuarios/getAllUser HTTP/1.1" 200 387 "http://localhost:4200/" "Mozilla/5.0 (Windows NT 10.0; Win64; x64) AppleWebKit/537.36 (KHTML, like Gecko) Chrome/123.0.0.0 Safari/537.36"
